  Determining projects to restore...
  All projects are up-to-date for restore.
C:\Program Files\dotnet\sdk\10.0.300-preview.0.26177.108\Sdks\Microsoft.NET.Sdk\targets\Microsoft.NET.RuntimeIdentifierInference.targets(383,5): message NETSDK1057: You are using a preview version of .NET. See: https://aka.ms/dotnet-support-policy [C:\Users\david\source\repos\panoramicdata\PanoramicData.NugetManagement\PanoramicData.NugetManagement.Web\PanoramicData.NugetManagement.Web.csproj]
  PanoramicData.NugetManagement -> C:\Users\david\source\repos\panoramicdata\PanoramicData.NugetManagement\PanoramicData.NugetManagement\bin\Debug\net10.0\PanoramicData.NugetManagement.dll
C:\Program Files\dotnet\sdk\10.0.300-preview.0.26177.108\Microsoft.Common.CurrentVersion.targets(5096,5): warning MSB3026: Could not copy "C:\Users\david\source\repos\panoramicdata\PanoramicData.NugetManagement\PanoramicData.NugetManagement\bin\Debug\net10.0\PanoramicData.NugetManagement.dll" to "bin\Debug\net10.0\PanoramicData.NugetManagement.dll". Beginning retry 1 in 1000ms. The process cannot access the file 'C:\Users\david\source\repos\panoramicdata\PanoramicData.NugetManagement\PanoramicData.NugetManagement.Web\bin\Debug\net10.0\PanoramicData.NugetManagement.dll' because it is being used by another process. The file is locked by: "Visual Studio Debug Adapter for .NET (55988), PanoramicData.NugetManagement.Web (70272)" [C:\Users\david\source\repos\panoramicdata\PanoramicData.NugetManagement\PanoramicData.NugetManagement.Web\PanoramicData.NugetManagement.Web.csproj]
C:\Program Files\dotnet\sdk\10.0.300-preview.0.26177.108\Microsoft.Common.CurrentVersion.targets(5096,5): warning MSB3026: Could not copy "C:\Users\david\source\repos\panoramicdata\PanoramicData.NugetManagement\PanoramicData.NugetManagement\bin\Debug\net10.0\PanoramicData.NugetManagement.dll" to "bin\Debug\net10.0\PanoramicData.NugetManagement.dll". Beginning retry 2 in 1000ms. The process cannot access the file 'C:\Users\david\source\repos\panoramicdata\PanoramicData.NugetManagement\PanoramicData.NugetManagement.Web\bin\Debug\net10.0\PanoramicData.NugetManagement.dll' because it is being used by another process. The file is locked by: "Visual Studio Debug Adapter for .NET (55988), PanoramicData.NugetManagement.Web (70272)" [C:\Users\david\source\repos\panoramicdata\PanoramicData.NugetManagement\PanoramicData.NugetManagement.Web\PanoramicData.NugetManagement.Web.csproj]
C:\Program Files\dotnet\sdk\10.0.300-preview.0.26177.108\Microsoft.Common.CurrentVersion.targets(5096,5): warning MSB3026: Could not copy "C:\Users\david\source\repos\panoramicdata\PanoramicData.NugetManagement\PanoramicData.NugetManagement\bin\Debug\net10.0\PanoramicData.NugetManagement.dll" to "bin\Debug\net10.0\PanoramicData.NugetManagement.dll". Beginning retry 3 in 1000ms. The process cannot access the file 'C:\Users\david\source\repos\panoramicdata\PanoramicData.NugetManagement\PanoramicData.NugetManagement.Web\bin\Debug\net10.0\PanoramicData.NugetManagement.dll' because it is being used by another process. The file is locked by: "Visual Studio Debug Adapter for .NET (55988), PanoramicData.NugetManagement.Web (70272)" [C:\Users\david\source\repos\panoramicdata\PanoramicData.NugetManagement\PanoramicData.NugetManagement.Web\PanoramicData.NugetManagement.Web.csproj]
C:\Program Files\dotnet\sdk\10.0.300-preview.0.26177.108\Microsoft.Common.CurrentVersion.targets(5096,5): warning MSB3026: Could not copy "C:\Users\david\source\repos\panoramicdata\PanoramicData.NugetManagement\PanoramicData.NugetManagement\bin\Debug\net10.0\PanoramicData.NugetManagement.dll" to "bin\Debug\net10.0\PanoramicData.NugetManagement.dll". Beginning retry 4 in 1000ms. The process cannot access the file 'C:\Users\david\source\repos\panoramicdata\PanoramicData.NugetManagement\PanoramicData.NugetManagement.Web\bin\Debug\net10.0\PanoramicData.NugetManagement.dll' because it is being used by another process. The file is locked by: "Visual Studio Debug Adapter for .NET (55988), PanoramicData.NugetManagement.Web (70272)" [C:\Users\david\source\repos\panoramicdata\PanoramicData.NugetManagement\PanoramicData.NugetManagement.Web\PanoramicData.NugetManagement.Web.csproj]
C:\Program Files\dotnet\sdk\10.0.300-preview.0.26177.108\Microsoft.Common.CurrentVersion.targets(5096,5): warning MSB3026: Could not copy "C:\Users\david\source\repos\panoramicdata\PanoramicData.NugetManagement\PanoramicData.NugetManagement\bin\Debug\net10.0\PanoramicData.NugetManagement.dll" to "bin\Debug\net10.0\PanoramicData.NugetManagement.dll". Beginning retry 5 in 1000ms. The process cannot access the file 'C:\Users\david\source\repos\panoramicdata\PanoramicData.NugetManagement\PanoramicData.NugetManagement.Web\bin\Debug\net10.0\PanoramicData.NugetManagement.dll' because it is being used by another process. The file is locked by: "Visual Studio Debug Adapter for .NET (55988), PanoramicData.NugetManagement.Web (70272)" [C:\Users\david\source\repos\panoramicdata\PanoramicData.NugetManagement\PanoramicData.NugetManagement.Web\PanoramicData.NugetManagement.Web.csproj]
C:\Program Files\dotnet\sdk\10.0.300-preview.0.26177.108\Microsoft.Common.CurrentVersion.targets(5096,5): warning MSB3026: Could not copy "C:\Users\david\source\repos\panoramicdata\PanoramicData.NugetManagement\PanoramicData.NugetManagement\bin\Debug\net10.0\PanoramicData.NugetManagement.dll" to "bin\Debug\net10.0\PanoramicData.NugetManagement.dll". Beginning retry 6 in 1000ms. The process cannot access the file 'C:\Users\david\source\repos\panoramicdata\PanoramicData.NugetManagement\PanoramicData.NugetManagement.Web\bin\Debug\net10.0\PanoramicData.NugetManagement.dll' because it is being used by another process. The file is locked by: "Visual Studio Debug Adapter for .NET (55988), PanoramicData.NugetManagement.Web (70272)" [C:\Users\david\source\repos\panoramicdata\PanoramicData.NugetManagement\PanoramicData.NugetManagement.Web\PanoramicData.NugetManagement.Web.csproj]
C:\Program Files\dotnet\sdk\10.0.300-preview.0.26177.108\Microsoft.Common.CurrentVersion.targets(5096,5): warning MSB3026: Could not copy "C:\Users\david\source\repos\panoramicdata\PanoramicData.NugetManagement\PanoramicData.NugetManagement\bin\Debug\net10.0\PanoramicData.NugetManagement.dll" to "bin\Debug\net10.0\PanoramicData.NugetManagement.dll". Beginning retry 7 in 1000ms. The process cannot access the file 'C:\Users\david\source\repos\panoramicdata\PanoramicData.NugetManagement\PanoramicData.NugetManagement.Web\bin\Debug\net10.0\PanoramicData.NugetManagement.dll' because it is being used by another process. The file is locked by: "Visual Studio Debug Adapter for .NET (55988), PanoramicData.NugetManagement.Web (70272)" [C:\Users\david\source\repos\panoramicdata\PanoramicData.NugetManagement\PanoramicData.NugetManagement.Web\PanoramicData.NugetManagement.Web.csproj]
C:\Program Files\dotnet\sdk\10.0.300-preview.0.26177.108\Microsoft.Common.CurrentVersion.targets(5096,5): warning MSB3026: Could not copy "C:\Users\david\source\repos\panoramicdata\PanoramicData.NugetManagement\PanoramicData.NugetManagement\bin\Debug\net10.0\PanoramicData.NugetManagement.dll" to "bin\Debug\net10.0\PanoramicData.NugetManagement.dll". Beginning retry 8 in 1000ms. The process cannot access the file 'C:\Users\david\source\repos\panoramicdata\PanoramicData.NugetManagement\PanoramicData.NugetManagement.Web\bin\Debug\net10.0\PanoramicData.NugetManagement.dll' because it is being used by another process. The file is locked by: "Visual Studio Debug Adapter for .NET (55988), PanoramicData.NugetManagement.Web (70272)" [C:\Users\david\source\repos\panoramicdata\PanoramicData.NugetManagement\PanoramicData.NugetManagement.Web\PanoramicData.NugetManagement.Web.csproj]
C:\Program Files\dotnet\sdk\10.0.300-preview.0.26177.108\Microsoft.Common.CurrentVersion.targets(5096,5): warning MSB3026: Could not copy "C:\Users\david\source\repos\panoramicdata\PanoramicData.NugetManagement\PanoramicData.NugetManagement\bin\Debug\net10.0\PanoramicData.NugetManagement.dll" to "bin\Debug\net10.0\PanoramicData.NugetManagement.dll". Beginning retry 9 in 1000ms. The process cannot access the file 'C:\Users\david\source\repos\panoramicdata\PanoramicData.NugetManagement\PanoramicData.NugetManagement.Web\bin\Debug\net10.0\PanoramicData.NugetManagement.dll' because it is being used by another process. The file is locked by: "Visual Studio Debug Adapter for .NET (55988), PanoramicData.NugetManagement.Web (70272)" [C:\Users\david\source\repos\panoramicdata\PanoramicData.NugetManagement\PanoramicData.NugetManagement.Web\PanoramicData.NugetManagement.Web.csproj]
C:\Program Files\dotnet\sdk\10.0.300-preview.0.26177.108\Microsoft.Common.CurrentVersion.targets(5096,5): warning MSB3026: Could not copy "C:\Users\david\source\repos\panoramicdata\PanoramicData.NugetManagement\PanoramicData.NugetManagement\bin\Debug\net10.0\PanoramicData.NugetManagement.dll" to "bin\Debug\net10.0\PanoramicData.NugetManagement.dll". Beginning retry 10 in 1000ms. The process cannot access the file 'C:\Users\david\source\repos\panoramicdata\PanoramicData.NugetManagement\PanoramicData.NugetManagement.Web\bin\Debug\net10.0\PanoramicData.NugetManagement.dll' because it is being used by another process. The file is locked by: "Visual Studio Debug Adapter for .NET (55988), PanoramicData.NugetManagement.Web (70272)" [C:\Users\david\source\repos\panoramicdata\PanoramicData.NugetManagement\PanoramicData.NugetManagement.Web\PanoramicData.NugetManagement.Web.csproj]
C:\Program Files\dotnet\sdk\10.0.300-preview.0.26177.108\Microsoft.Common.CurrentVersion.targets(5096,5): error MSB3027: Could not copy "C:\Users\david\source\repos\panoramicdata\PanoramicData.NugetManagement\PanoramicData.NugetManagement\bin\Debug\net10.0\PanoramicData.NugetManagement.dll" to "bin\Debug\net10.0\PanoramicData.NugetManagement.dll". Exceeded retry count of 10. Failed. The file is locked by: "Visual Studio Debug Adapter for .NET (55988), PanoramicData.NugetManagement.Web (70272)" [C:\Users\david\source\repos\panoramicdata\PanoramicData.NugetManagement\PanoramicData.NugetManagement.Web\PanoramicData.NugetManagement.Web.csproj]
C:\Program Files\dotnet\sdk\10.0.300-preview.0.26177.108\Microsoft.Common.CurrentVersion.targets(5096,5): error MSB3021: Unable to copy file "C:\Users\david\source\repos\panoramicdata\PanoramicData.NugetManagement\PanoramicData.NugetManagement\bin\Debug\net10.0\PanoramicData.NugetManagement.dll" to "bin\Debug\net10.0\PanoramicData.NugetManagement.dll". The process cannot access the file 'C:\Users\david\source\repos\panoramicdata\PanoramicData.NugetManagement\PanoramicData.NugetManagement.Web\bin\Debug\net10.0\PanoramicData.NugetManagement.dll' because it is being used by another process. [C:\Users\david\source\repos\panoramicdata\PanoramicData.NugetManagement\PanoramicData.NugetManagement.Web\PanoramicData.NugetManagement.Web.csproj]

Build FAILED.

C:\Program Files\dotnet\sdk\10.0.300-preview.0.26177.108\Microsoft.Common.CurrentVersion.targets(5096,5): warning MSB3026: Could not copy "C:\Users\david\source\repos\panoramicdata\PanoramicData.NugetManagement\PanoramicData.NugetManagement\bin\Debug\net10.0\PanoramicData.NugetManagement.dll" to "bin\Debug\net10.0\PanoramicData.NugetManagement.dll". Beginning retry 1 in 1000ms. The process cannot access the file 'C:\Users\david\source\repos\panoramicdata\PanoramicData.NugetManagement\PanoramicData.NugetManagement.Web\bin\Debug\net10.0\PanoramicData.NugetManagement.dll' because it is being used by another process. The file is locked by: "Visual Studio Debug Adapter for .NET (55988), PanoramicData.NugetManagement.Web (70272)" [C:\Users\david\source\repos\panoramicdata\PanoramicData.NugetManagement\PanoramicData.NugetManagement.Web\PanoramicData.NugetManagement.Web.csproj]
C:\Program Files\dotnet\sdk\10.0.300-preview.0.26177.108\Microsoft.Common.CurrentVersion.targets(5096,5): warning MSB3026: Could not copy "C:\Users\david\source\repos\panoramicdata\PanoramicData.NugetManagement\PanoramicData.NugetManagement\bin\Debug\net10.0\PanoramicData.NugetManagement.dll" to "bin\Debug\net10.0\PanoramicData.NugetManagement.dll". Beginning retry 2 in 1000ms. The process cannot access the file 'C:\Users\david\source\repos\panoramicdata\PanoramicData.NugetManagement\PanoramicData.NugetManagement.Web\bin\Debug\net10.0\PanoramicData.NugetManagement.dll' because it is being used by another process. The file is locked by: "Visual Studio Debug Adapter for .NET (55988), PanoramicData.NugetManagement.Web (70272)" [C:\Users\david\source\repos\panoramicdata\PanoramicData.NugetManagement\PanoramicData.NugetManagement.Web\PanoramicData.NugetManagement.Web.csproj]
C:\Program Files\dotnet\sdk\10.0.300-preview.0.26177.108\Microsoft.Common.CurrentVersion.targets(5096,5): warning MSB3026: Could not copy "C:\Users\david\source\repos\panoramicdata\PanoramicData.NugetManagement\PanoramicData.NugetManagement\bin\Debug\net10.0\PanoramicData.NugetManagement.dll" to "bin\Debug\net10.0\PanoramicData.NugetManagement.dll". Beginning retry 3 in 1000ms. The process cannot access the file 'C:\Users\david\source\repos\panoramicdata\PanoramicData.NugetManagement\PanoramicData.NugetManagement.Web\bin\Debug\net10.0\PanoramicData.NugetManagement.dll' because it is being used by another process. The file is locked by: "Visual Studio Debug Adapter for .NET (55988), PanoramicData.NugetManagement.Web (70272)" [C:\Users\david\source\repos\panoramicdata\PanoramicData.NugetManagement\PanoramicData.NugetManagement.Web\PanoramicData.NugetManagement.Web.csproj]
C:\Program Files\dotnet\sdk\10.0.300-preview.0.26177.108\Microsoft.Common.CurrentVersion.targets(5096,5): warning MSB3026: Could not copy "C:\Users\david\source\repos\panoramicdata\PanoramicData.NugetManagement\PanoramicData.NugetManagement\bin\Debug\net10.0\PanoramicData.NugetManagement.dll" to "bin\Debug\net10.0\PanoramicData.NugetManagement.dll". Beginning retry 4 in 1000ms. The process cannot access the file 'C:\Users\david\source\repos\panoramicdata\PanoramicData.NugetManagement\PanoramicData.NugetManagement.Web\bin\Debug\net10.0\PanoramicData.NugetManagement.dll' because it is being used by another process. The file is locked by: "Visual Studio Debug Adapter for .NET (55988), PanoramicData.NugetManagement.Web (70272)" [C:\Users\david\source\repos\panoramicdata\PanoramicData.NugetManagement\PanoramicData.NugetManagement.Web\PanoramicData.NugetManagement.Web.csproj]
C:\Program Files\dotnet\sdk\10.0.300-preview.0.26177.108\Microsoft.Common.CurrentVersion.targets(5096,5): warning MSB3026: Could not copy "C:\Users\david\source\repos\panoramicdata\PanoramicData.NugetManagement\PanoramicData.NugetManagement\bin\Debug\net10.0\PanoramicData.NugetManagement.dll" to "bin\Debug\net10.0\PanoramicData.NugetManagement.dll". Beginning retry 5 in 1000ms. The process cannot access the file 'C:\Users\david\source\repos\panoramicdata\PanoramicData.NugetManagement\PanoramicData.NugetManagement.Web\bin\Debug\net10.0\PanoramicData.NugetManagement.dll' because it is being used by another process. The file is locked by: "Visual Studio Debug Adapter for .NET (55988), PanoramicData.NugetManagement.Web (70272)" [C:\Users\david\source\repos\panoramicdata\PanoramicData.NugetManagement\PanoramicData.NugetManagement.Web\PanoramicData.NugetManagement.Web.csproj]
C:\Program Files\dotnet\sdk\10.0.300-preview.0.26177.108\Microsoft.Common.CurrentVersion.targets(5096,5): warning MSB3026: Could not copy "C:\Users\david\source\repos\panoramicdata\PanoramicData.NugetManagement\PanoramicData.NugetManagement\bin\Debug\net10.0\PanoramicData.NugetManagement.dll" to "bin\Debug\net10.0\PanoramicData.NugetManagement.dll". Beginning retry 6 in 1000ms. The process cannot access the file 'C:\Users\david\source\repos\panoramicdata\PanoramicData.NugetManagement\PanoramicData.NugetManagement.Web\bin\Debug\net10.0\PanoramicData.NugetManagement.dll' because it is being used by another process. The file is locked by: "Visual Studio Debug Adapter for .NET (55988), PanoramicData.NugetManagement.Web (70272)" [C:\Users\david\source\repos\panoramicdata\PanoramicData.NugetManagement\PanoramicData.NugetManagement.Web\PanoramicData.NugetManagement.Web.csproj]
C:\Program Files\dotnet\sdk\10.0.300-preview.0.26177.108\Microsoft.Common.CurrentVersion.targets(5096,5): warning MSB3026: Could not copy "C:\Users\david\source\repos\panoramicdata\PanoramicData.NugetManagement\PanoramicData.NugetManagement\bin\Debug\net10.0\PanoramicData.NugetManagement.dll" to "bin\Debug\net10.0\PanoramicData.NugetManagement.dll". Beginning retry 7 in 1000ms. The process cannot access the file 'C:\Users\david\source\repos\panoramicdata\PanoramicData.NugetManagement\PanoramicData.NugetManagement.Web\bin\Debug\net10.0\PanoramicData.NugetManagement.dll' because it is being used by another process. The file is locked by: "Visual Studio Debug Adapter for .NET (55988), PanoramicData.NugetManagement.Web (70272)" [C:\Users\david\source\repos\panoramicdata\PanoramicData.NugetManagement\PanoramicData.NugetManagement.Web\PanoramicData.NugetManagement.Web.csproj]
C:\Program Files\dotnet\sdk\10.0.300-preview.0.26177.108\Microsoft.Common.CurrentVersion.targets(5096,5): warning MSB3026: Could not copy "C:\Users\david\source\repos\panoramicdata\PanoramicData.NugetManagement\PanoramicData.NugetManagement\bin\Debug\net10.0\PanoramicData.NugetManagement.dll" to "bin\Debug\net10.0\PanoramicData.NugetManagement.dll". Beginning retry 8 in 1000ms. The process cannot access the file 'C:\Users\david\source\repos\panoramicdata\PanoramicData.NugetManagement\PanoramicData.NugetManagement.Web\bin\Debug\net10.0\PanoramicData.NugetManagement.dll' because it is being used by another process. The file is locked by: "Visual Studio Debug Adapter for .NET (55988), PanoramicData.NugetManagement.Web (70272)" [C:\Users\david\source\repos\panoramicdata\PanoramicData.NugetManagement\PanoramicData.NugetManagement.Web\PanoramicData.NugetManagement.Web.csproj]
C:\Program Files\dotnet\sdk\10.0.300-preview.0.26177.108\Microsoft.Common.CurrentVersion.targets(5096,5): warning MSB3026: Could not copy "C:\Users\david\source\repos\panoramicdata\PanoramicData.NugetManagement\PanoramicData.NugetManagement\bin\Debug\net10.0\PanoramicData.NugetManagement.dll" to "bin\Debug\net10.0\PanoramicData.NugetManagement.dll". Beginning retry 9 in 1000ms. The process cannot access the file 'C:\Users\david\source\repos\panoramicdata\PanoramicData.NugetManagement\PanoramicData.NugetManagement.Web\bin\Debug\net10.0\PanoramicData.NugetManagement.dll' because it is being used by another process. The file is locked by: "Visual Studio Debug Adapter for .NET (55988), PanoramicData.NugetManagement.Web (70272)" [C:\Users\david\source\repos\panoramicdata\PanoramicData.NugetManagement\PanoramicData.NugetManagement.Web\PanoramicData.NugetManagement.Web.csproj]
C:\Program Files\dotnet\sdk\10.0.300-preview.0.26177.108\Microsoft.Common.CurrentVersion.targets(5096,5): warning MSB3026: Could not copy "C:\Users\david\source\repos\panoramicdata\PanoramicData.NugetManagement\PanoramicData.NugetManagement\bin\Debug\net10.0\PanoramicData.NugetManagement.dll" to "bin\Debug\net10.0\PanoramicData.NugetManagement.dll". Beginning retry 10 in 1000ms. The process cannot access the file 'C:\Users\david\source\repos\panoramicdata\PanoramicData.NugetManagement\PanoramicData.NugetManagement.Web\bin\Debug\net10.0\PanoramicData.NugetManagement.dll' because it is being used by another process. The file is locked by: "Visual Studio Debug Adapter for .NET (55988), PanoramicData.NugetManagement.Web (70272)" [C:\Users\david\source\repos\panoramicdata\PanoramicData.NugetManagement\PanoramicData.NugetManagement.Web\PanoramicData.NugetManagement.Web.csproj]
C:\Program Files\dotnet\sdk\10.0.300-preview.0.26177.108\Microsoft.Common.CurrentVersion.targets(5096,5): error MSB3027: Could not copy "C:\Users\david\source\repos\panoramicdata\PanoramicData.NugetManagement\PanoramicData.NugetManagement\bin\Debug\net10.0\PanoramicData.NugetManagement.dll" to "bin\Debug\net10.0\PanoramicData.NugetManagement.dll". Exceeded retry count of 10. Failed. The file is locked by: "Visual Studio Debug Adapter for .NET (55988), PanoramicData.NugetManagement.Web (70272)" [C:\Users\david\source\repos\panoramicdata\PanoramicData.NugetManagement\PanoramicData.NugetManagement.Web\PanoramicData.NugetManagement.Web.csproj]
C:\Program Files\dotnet\sdk\10.0.300-preview.0.26177.108\Microsoft.Common.CurrentVersion.targets(5096,5): error MSB3021: Unable to copy file "C:\Users\david\source\repos\panoramicdata\PanoramicData.NugetManagement\PanoramicData.NugetManagement\bin\Debug\net10.0\PanoramicData.NugetManagement.dll" to "bin\Debug\net10.0\PanoramicData.NugetManagement.dll". The process cannot access the file 'C:\Users\david\source\repos\panoramicdata\PanoramicData.NugetManagement\PanoramicData.NugetManagement.Web\bin\Debug\net10.0\PanoramicData.NugetManagement.dll' because it is being used by another process. [C:\Users\david\source\repos\panoramicdata\PanoramicData.NugetManagement\PanoramicData.NugetManagement.Web\PanoramicData.NugetManagement.Web.csproj]
    10 Warning(s)
    2 Error(s)

Time Elapsed 00:00:19.35
